This is LuaHBTeX, Version 1.22.0 (TeX Live 2025)  (format=lualatex 2026.2.16)  11 MAR 2026 20:21
 restricted system commands enabled.
**/home/als0028/study/etsuzan/scogene/mitou-teiansyo/proposal-final-alpha.tex
(/home/als0028/study/etsuzan/scogene/mitou-teiansyo/proposal-final-alpha.tex
LaTeX2e <2025-11-01>
L3 programming layer <2026-01-19>
Lua module: luaotfload 2024-12-03 v3.29 Lua based OpenType font support
Lua module: lualibs 2023-07-13 v2.76 ConTeXt Lua standard libraries.
Lua module: lualibs-extended 2023-07-13 v2.76 ConTeXt Lua libraries -- extended collection.
luaotfload | load : FATAL ERROR
luaotfload | load :   × Failed to load "fontloader" module "basics-gen".
luaotfload | load :   × Error message:
luaotfload | load :     × "...TeX/texmf-dist/tex/luatex/luaotfload/luaotfload-init.lua:301: system : no writeable cache path, quiting"....TeX/texmf-dist/tex/luatex/luaotfload/luaotfload-init.lua:301: system : no writeable cache path, quiting
stack traceback:
	[C]: in function 'error'
	...TeX/texmf-dist/tex/luatex/luaotfload/luaotfload-init.lua:301: in function 'os.exit'
	....TinyTeX/texmf-dist/tex/luatex/luaotfload/luaotfload.lua:203: in local 'load_fontloader_module'
	...TeX/texmf-dist/tex/luatex/luaotfload/luaotfload-init.lua:303: in upvalue 'init_main'
	...TeX/texmf-dist/tex/luatex/luaotfload/luaotfload-init.lua:590: in function 'luaotfload-init.lua'
	....TinyTeX/texmf-dist/tex/luatex/luaotfload/luaotfload.lua:322: in field 'main'
	[\directlua]:1: in main chunk.
<everyjob> ...string \\encodingdefault{OT1}')end }
                                                  \let \f@encoding \encoding...
l.1 
    \documentclass[paper=a4,fontsize=10.5bp,jafontsize=10.5bp,twocolumn]{jlreq}

Here is how much of LuaTeX's memory you used:
 8 strings out of 476076
 100000,460012 words of node,token memory allocated
 275 words of node memory still in use:
   1 hlist, 1 dir, 39 glue_spec nodes
   avail lists: 2:12,3:3,4:1
 22567 multiletter control sequences out of 65536+600000
 14 fonts using 591679 bytes
 5i,0n,0p,152b,15s stack positions out of 10000i,1000n,20000p,200000b,200000s
!  ==> Fatal error occurred, no output PDF file produced!
