\BOOKMARK [1][-]{section.1}{\376\377\060\152\060\153\060\222\060\144\060\117\060\213\060\113}{}% 1
\BOOKMARK [2][-]{subsection.1.1}{\376\377\200\314\146\157}{section.1}% 2
\BOOKMARK [2][-]{subsection.1.2}{\376\377\143\320\150\110\060\267\060\271\060\306\060\340}{section.1}% 3
\BOOKMARK [2][-]{subsection.1.3}{\376\377\147\052\216\017\147\037\225\223\116\055\060\156\166\356\152\031}{section.1}% 4
\BOOKMARK [1][-]{section.2}{\376\377\060\151\060\223\060\152\121\372\060\127\145\271\060\222\200\003\060\110\060\146\060\104\060\213\060\113}{}% 5
\BOOKMARK [2][-]{subsection.2.1}{\376\377\121\154\225\213\145\271\154\325}{section.2}% 6
\BOOKMARK [2][-]{subsection.2.2}{\376\377\060\277\060\374\060\262\060\303\060\310\060\150\134\125\225\213\142\046\165\145}{section.2}% 7
\BOOKMARK [2][-]{subsection.2.3}{\376\377\133\146\210\123\166\204\060\152\166\172\210\150}{section.2}% 8
\BOOKMARK [1][-]{section.3}{\376\377\145\254\145\260\060\125\060\156\116\073\137\065\060\001\147\037\137\205\060\125\060\214\060\213\122\271\147\234}{}% 9
\BOOKMARK [2][-]{subsection.3.1}{\376\377\145\254\145\260\060\125\040\024\145\342\133\130\060\265\060\374\060\323\060\271\060\150\060\156\147\054\214\352\166\204\060\152\220\125\060\104}{section.3}% 10
\BOOKMARK [2][-]{subsection.3.2}{\376\377\147\037\137\205\060\125\060\214\060\213\122\271\147\234}{section.3}% 11
\BOOKMARK [2][-]{subsection.3.3}{\376\377\121\110\210\114\116\213\117\213\060\150\060\156\122\271\147\234\060\156\153\324\217\003}{section.3}% 12
\BOOKMARK [1][-]{section.4}{\376\377\121\167\117\123\166\204\060\152\220\062\060\201\145\271\060\150\116\210\173\227}{}% 13
\BOOKMARK [2][-]{subsection.4.1}{\376\377\142\200\210\123\060\271\060\277\060\303\060\257\060\150\225\213\166\172\117\123\122\066}{section.4}% 14
\BOOKMARK [2][-]{subsection.4.2}{\376\377\225\213\166\172\060\301\060\374\060\340\060\150\137\171\122\162\122\006\142\305}{section.4}% 15
\BOOKMARK [2][-]{subsection.4.3}{\376\377\225\213\166\172\060\271\060\261\060\270\060\345\060\374\060\353}{section.4}% 16
\BOOKMARK [2][-]{subsection.4.4}{\376\377\225\213\166\172\146\102\225\223}{section.4}% 17
\BOOKMARK [2][-]{subsection.4.5}{\376\377\116\210\173\227\121\205\212\063}{section.4}% 18
\BOOKMARK [1][-]{section.5}{\376\377\156\226\120\231\162\266\154\301}{}% 19
\BOOKMARK [1][-]{section.6}{\376\377\143\320\150\110\200\005\060\156\201\125\122\115\060\222\212\074\146\016\060\147\060\115\060\213\060\202\060\156}{}% 20
\BOOKMARK [1][-]{section.7}{\376\377\060\327\060\355\060\270\060\247\060\257\060\310\220\102\210\114\060\153\060\102\060\137\060\143\060\146\060\156\162\171\212\030\116\213\230\005}{}% 21
\BOOKMARK [1][-]{section.8}{\376\377\000I\000T\116\345\131\026\060\156\122\311\137\067\060\001\162\171\142\200\060\001\165\037\155\073\060\001\215\243\124\163}{}% 22
\BOOKMARK [1][-]{section.9}{\376\377\134\006\147\145\060\156\000I\000T\060\153\060\144\060\104\060\146\140\035\060\106\060\123\060\150\060\373\147\037\060\131\060\213\060\123\060\150}{}% 23
